((venv) ) 
Lenovo@NISHIT MINGW64 ~/Desktop/programming/design/NEW/QML (main)
$ python -m DQN.train_dqn_classifier
Episode 10/100, Avg Reward: 0.82, Epsilon: 0.010
Episode 20/100, Avg Reward: 0.88, Epsilon: 0.010
Episode 30/100, Avg Reward: 0.90, Epsilon: 0.010
Episode 40/100, Avg Reward: 0.92, Epsilon: 0.010
Episode 50/100, Avg Reward: 0.94, Epsilon: 0.010
Episode 60/100, Avg Reward: 0.95, Epsilon: 0.010
Episode 70/100, Avg Reward: 0.95, Epsilon: 0.010
Episode 80/100, Avg Reward: 0.95, Epsilon: 0.010
Episode 90/100, Avg Reward: 0.96, Epsilon: 0.010
Episode 100/100, Avg Reward: 0.97, Epsilon: 0.010

Final Evaluation:

Training Set Metrics:
accuracy: 0.9855
precision: 0.9718
recall: 1.0000
f1: 0.9857
auc: 0.9959

Test Set Metrics:
accuracy: 0.9054
precision: 0.8896
recall: 0.9257
f1: 0.9073
auc: 0.9280
Model saved to dqn_fraud_detection.pth

Model saved to dqn_fraud_detection.pth
((venv) ) 
Lenovo@NISHIT MINGW64 ~/Desktop/programming/design/NEW/QML (main)